current directory: /home/nhathuy/Desktop/BE/auto_suggestions_realtime_search/vendor/bundle/ruby/3.2.0/gems/rbs-3.8.1/ext/rbs_extension
/home/nhathuy/.asdf/installs/ruby/3.2.2/bin/ruby extconf.rb
/home/nhathuy/.asdf/installs/ruby/3.2.2/bin/ruby: warning: Ruby was built without YJIT support. You may need to install rustc to build Ruby with YJIT.
checking for whether -std=gnu99 is accepted as CFLAGS... yes
creating Makefile

current directory: /home/nhathuy/Desktop/BE/auto_suggestions_realtime_search/vendor/bundle/ruby/3.2.0/gems/rbs-3.8.1/ext/rbs_extension
make DESTDIR\= sitearchdir\=./.gem.20250118-16773-zw1whk sitelibdir\=./.gem.20250118-16773-zw1whk clean

current directory: /home/nhathuy/Desktop/BE/auto_suggestions_realtime_search/vendor/bundle/ruby/3.2.0/gems/rbs-3.8.1/ext/rbs_extension
make DESTDIR\= sitearchdir\=./.gem.20250118-16773-zw1whk sitelibdir\=./.gem.20250118-16773-zw1whk
compiling ./../../src/constants.c
compiling ./../../src/ruby_objs.c
compiling lexer.c
compiling lexstate.c
compiling location.c
compiling main.c
compiling parser.c
compiling parserstate.c
compiling unescape.c
linking shared-object rbs_extension.so

current directory: /home/nhathuy/Desktop/BE/auto_suggestions_realtime_search/vendor/bundle/ruby/3.2.0/gems/rbs-3.8.1/ext/rbs_extension
make DESTDIR\= sitearchdir\=./.gem.20250118-16773-zw1whk sitelibdir\=./.gem.20250118-16773-zw1whk install
/usr/bin/install -c -m 0755 rbs_extension.so ./.gem.20250118-16773-zw1whk

current directory: /home/nhathuy/Desktop/BE/auto_suggestions_realtime_search/vendor/bundle/ruby/3.2.0/gems/rbs-3.8.1/ext/rbs_extension
make DESTDIR\= sitearchdir\=./.gem.20250118-16773-zw1whk sitelibdir\=./.gem.20250118-16773-zw1whk clean
