current directory: /home/nhathuy/Desktop/BE/auto_suggestions_realtime_search/vendor/bundle/ruby/3.2.0/gems/date-3.4.1/ext/date
/home/nhathuy/.asdf/installs/ruby/3.2.2/bin/ruby extconf.rb
checking for rb_category_warn()... yes
checking for timezone in time.h with  -Werror... yes
checking for altzone in time.h with  -Werror... no
creating Makefile

current directory: /home/nhathuy/Desktop/BE/auto_suggestions_realtime_search/vendor/bundle/ruby/3.2.0/gems/date-3.4.1/ext/date
make DESTDIR\= sitearchdir\=./.gem.20250118-13799-qntk2o sitelibdir\=./.gem.20250118-13799-qntk2o clean

current directory: /home/nhathuy/Desktop/BE/auto_suggestions_realtime_search/vendor/bundle/ruby/3.2.0/gems/date-3.4.1/ext/date
make DESTDIR\= sitearchdir\=./.gem.20250118-13799-qntk2o sitelibdir\=./.gem.20250118-13799-qntk2o
compiling date_core.c
compiling date_parse.c
compiling date_strftime.c
compiling date_strptime.c
linking shared-object date_core.so

current directory: /home/nhathuy/Desktop/BE/auto_suggestions_realtime_search/vendor/bundle/ruby/3.2.0/gems/date-3.4.1/ext/date
make DESTDIR\= sitearchdir\=./.gem.20250118-13799-qntk2o sitelibdir\=./.gem.20250118-13799-qntk2o install
/usr/bin/install -c -m 0755 date_core.so ./.gem.20250118-13799-qntk2o

current directory: /home/nhathuy/Desktop/BE/auto_suggestions_realtime_search/vendor/bundle/ruby/3.2.0/gems/date-3.4.1/ext/date
make DESTDIR\= sitearchdir\=./.gem.20250118-13799-qntk2o sitelibdir\=./.gem.20250118-13799-qntk2o clean
