current directory: /home/nhathuy/Desktop/BE/auto_suggestions_realtime_search/vendor/bundle/ruby/3.2.0/gems/psych-5.2.3/ext/psych
/home/nhathuy/.asdf/installs/ruby/3.2.2/bin/ruby extconf.rb
checking for yaml.h... yes
checking for yaml_get_version() in -lyaml... yes
creating Makefile

current directory: /home/nhathuy/Desktop/BE/auto_suggestions_realtime_search/vendor/bundle/ruby/3.2.0/gems/psych-5.2.3/ext/psych
make DESTDIR\= sitearchdir\=./.gem.20250118-13799-cepkya sitelibdir\=./.gem.20250118-13799-cepkya clean
cd libyaml && make clean
/bin/sh: 1: cd: can't cd to libyaml
make: [Makefile:283: clean-so] Error 2 (ignored)

current directory: /home/nhathuy/Desktop/BE/auto_suggestions_realtime_search/vendor/bundle/ruby/3.2.0/gems/psych-5.2.3/ext/psych
make DESTDIR\= sitearchdir\=./.gem.20250118-13799-cepkya sitelibdir\=./.gem.20250118-13799-cepkya
compiling psych.c
compiling psych_emitter.c
compiling psych_parser.c
compiling psych_to_ruby.c
compiling psych_yaml_tree.c
linking shared-object psych.so

current directory: /home/nhathuy/Desktop/BE/auto_suggestions_realtime_search/vendor/bundle/ruby/3.2.0/gems/psych-5.2.3/ext/psych
make DESTDIR\= sitearchdir\=./.gem.20250118-13799-cepkya sitelibdir\=./.gem.20250118-13799-cepkya install
/usr/bin/install -c -m 0755 psych.so ./.gem.20250118-13799-cepkya

current directory: /home/nhathuy/Desktop/BE/auto_suggestions_realtime_search/vendor/bundle/ruby/3.2.0/gems/psych-5.2.3/ext/psych
make DESTDIR\= sitearchdir\=./.gem.20250118-13799-cepkya sitelibdir\=./.gem.20250118-13799-cepkya clean
cd libyaml && make clean
/bin/sh: 1: cd: can't cd to libyaml
make: [Makefile:283: clean-so] Error 2 (ignored)
