current directory: /home/nhathuy/Desktop/BE/auto_suggestions_realtime_search/vendor/bundle/ruby/3.2.0/gems/prism-1.3.0/ext/prism
/home/nhathuy/.asdf/installs/ruby/3.2.2/bin/ruby extconf.rb
/home/nhathuy/.asdf/installs/ruby/3.2.2/bin/ruby: warning: Ruby was built without YJIT support. You may need to install rustc to build Ruby with YJIT.
checking for prism.h in /home/nhathuy/Desktop/BE/auto_suggestions_realtime_search/vendor/bundle/ruby/3.2.0/gems/prism-1.3.0/include... yes
checking for prism/extension.h in /home/nhathuy/Desktop/BE/auto_suggestions_realtime_search/vendor/bundle/ruby/3.2.0/gems/prism-1.3.0/ext... yes
checking for whether -fvisibility=hidden is accepted as CFLAGS... yes
creating Makefile

current directory: /home/nhathuy/Desktop/BE/auto_suggestions_realtime_search/vendor/bundle/ruby/3.2.0/gems/prism-1.3.0/ext/prism
make DESTDIR\= sitearchdir\=./.gem.20250118-16773-v4iy8n sitelibdir\=./.gem.20250118-16773-v4iy8n clean

current directory: /home/nhathuy/Desktop/BE/auto_suggestions_realtime_search/vendor/bundle/ruby/3.2.0/gems/prism-1.3.0/ext/prism
make DESTDIR\= sitearchdir\=./.gem.20250118-16773-v4iy8n sitelibdir\=./.gem.20250118-16773-v4iy8n
compiling api_node.c
compiling api_pack.c
compiling extension.c
compiling ./../../src/diagnostic.c
compiling ./../../src/encoding.c
compiling ./../../src/node.c
compiling ./../../src/options.c
compiling ./../../src/pack.c
compiling ./../../src/prettyprint.c
compiling ./../../src/prism.c
compiling ./../../src/regexp.c
compiling ./../../src/serialize.c
compiling ./../../src/static_literals.c
compiling ./../../src/token_type.c
compiling ./../../src/util/pm_buffer.c
compiling ./../../src/util/pm_char.c
compiling ./../../src/util/pm_constant_pool.c
compiling ./../../src/util/pm_integer.c
compiling ./../../src/util/pm_list.c
compiling ./../../src/util/pm_memchr.c
compiling ./../../src/util/pm_newline_list.c
compiling ./../../src/util/pm_string.c
compiling ./../../src/util/pm_strncasecmp.c
compiling ./../../src/util/pm_strpbrk.c
linking shared-object prism/prism.so

current directory: /home/nhathuy/Desktop/BE/auto_suggestions_realtime_search/vendor/bundle/ruby/3.2.0/gems/prism-1.3.0/ext/prism
make DESTDIR\= sitearchdir\=./.gem.20250118-16773-v4iy8n sitelibdir\=./.gem.20250118-16773-v4iy8n install
/usr/bin/install -c -m 0755 prism.so ./.gem.20250118-16773-v4iy8n/prism

current directory: /home/nhathuy/Desktop/BE/auto_suggestions_realtime_search/vendor/bundle/ruby/3.2.0/gems/prism-1.3.0/ext/prism
make DESTDIR\= sitearchdir\=./.gem.20250118-16773-v4iy8n sitelibdir\=./.gem.20250118-16773-v4iy8n clean
