current directory: /home/nhathuy/Desktop/BE/auto_suggestions_realtime_search/vendor/bundle/ruby/3.2.0/gems/json-2.9.1/ext/json/ext/parser
/home/nhathuy/.asdf/installs/ruby/3.2.2/bin/ruby extconf.rb
checking for rb_enc_interned_str() in ruby.h... yes
checking for rb_hash_new_capa() in ruby.h... yes
checking for rb_hash_bulk_insert() in ruby.h... yes
checking for rb_category_warn() in ruby.h... yes
checking for strnlen() in string.h... yes
checking for whether -std=c99 is accepted as CFLAGS... yes
creating Makefile

current directory: /home/nhathuy/Desktop/BE/auto_suggestions_realtime_search/vendor/bundle/ruby/3.2.0/gems/json-2.9.1/ext/json/ext/parser
make DESTDIR\= sitearchdir\=./.gem.20250118-13799-mtjnuu sitelibdir\=./.gem.20250118-13799-mtjnuu clean

current directory: /home/nhathuy/Desktop/BE/auto_suggestions_realtime_search/vendor/bundle/ruby/3.2.0/gems/json-2.9.1/ext/json/ext/parser
make DESTDIR\= sitearchdir\=./.gem.20250118-13799-mtjnuu sitelibdir\=./.gem.20250118-13799-mtjnuu
compiling parser.c
linking shared-object json/ext/parser.so

current directory: /home/nhathuy/Desktop/BE/auto_suggestions_realtime_search/vendor/bundle/ruby/3.2.0/gems/json-2.9.1/ext/json/ext/parser
make DESTDIR\= sitearchdir\=./.gem.20250118-13799-mtjnuu sitelibdir\=./.gem.20250118-13799-mtjnuu install
/usr/bin/install -c -m 0755 parser.so ./.gem.20250118-13799-mtjnuu/json/ext

current directory: /home/nhathuy/Desktop/BE/auto_suggestions_realtime_search/vendor/bundle/ruby/3.2.0/gems/json-2.9.1/ext/json/ext/parser
make DESTDIR\= sitearchdir\=./.gem.20250118-13799-mtjnuu sitelibdir\=./.gem.20250118-13799-mtjnuu clean
